1>#  prueba para iterador.
2>Reiniciado.
3>Avanzando.
4>Actual de it NO está definida.
5>Agregando.
6>Actual de it NO está definida.
7>Actual no definida.
8>Reiniciado.
9>(5,q)
10>No hay siguiente.
11>Agregando.
12>(5,q)
13>Hay siguiente.
14>Reiniciado.
15>(5,q)
16>Avanzando.
17>(25,e)
18>No hay siguiente.
19>Reiniciado.
20>(5,q)
21>Hay siguiente.
22>Agregando.
23>(5,q)
24>Avanzando.
25>(25,e)
26>Hay siguiente.
27>Avanzando.
28>(45,qqq)
29>No hay siguiente.
30>Avanzando.
31>Agregando.
32>Actual no definida.
33>Actual de it NO está definida.
34>Reiniciado.
35>Agregando.
36>Agregando.
37>Agregando.
38>Agregando.
39>Agregando.
40>Agregando.
41>Agregando.
42>Agregando.
43>Agregando.
44>Agregando.
45>Agregando.
46>Agregando.
47>Agregando.
48>Agregando.
49>Iterador bloqueado.
50>Agregando.
51>(5,q)
52>Avanzando.
53>Avanzando.
54>Avanzando.
55>(5,fsd)
56>Avanzando.
57>Avanzando.
58>Avanzando.
59>Avanzando.
60>Avanzando.
61>Avanzando.
62>Avanzando.
63>Avanzando.
64>Avanzando.
65>Avanzando.
66>Avanzando.
67>Avanzando.
68>Avanzando.
69>Hay siguiente.
70>Avanzando.
71>(98,fwrwe)
72>No hay siguiente.
73>(98,fwrwe)
74>Avanzando.
75>Agregando.
76>Actual no definida.
77>Fin.
