1>#  prueba de tiempo es_AVL.
2>
 Construyendo el Ã¡rbol. 
 Evaluando si es AVL. 
 Liberando binario. 
3>Fin.
