1>#  prueba de tiempo suma_ultimos_pares.
2>
 Construyendo el Ã¡rbol. 
 Obteniendo suma ultimos pares. 
 Liberando binario. 
3>Fin.
