1>#  prueba de es_vacio_binario, insertar_en_binario, raiz, cantidad_binario.
2>Vacio.
3>0.
4>Insertado.
5>(8,r)
6>No vacÃ­o.
7>1.
8>Insertado.
9>Insertado.
10>3.
11>Insertado.
12>4.
13>Insertado.
14>Insertado.
15>Insertado.
16>Insertado.
17>Insertado.
18>9.
19>(8,r)
20>Fin.
