1>#  prueba de menores.
2>
3>Insertado.
4>
5>
(5,g)
6>Insertado.
7>
8>
(5,g)
9>
-(7,k)
(5,g)
10>Insertado.
11>
(4,c)
12>
(5,g)
-(4,c)
13>
-(7,k)
(5,g)
-(4,c)
14>Insertado.
15>Insertado.
16>Insertado.
17>Insertado.
18>
--(6,p)
---(4,m)
-(7,k)
--(8,i)
---(8,h)
(5,g)
-(4,c)
19>
-(6,p)
--(4,m)
(5,g)
-(4,c)
20>Insertado.
21>
-(4,m)
(5,g)
--(1,e)
-(4,c)
22>
-(4,m)
(1,e)
-(4,c)
23>Insertado.
24>Insertado.
25>
-(4,m)
(1,e)
-(4,c)
--(3,b)
26>Insertado.
27>
--(6,p)
---(4,m)
-(7,k)
--(8,i)
---(8,h)
(5,g)
--(1,e)
---(2,d)
-(4,c)
--(3,b)
---(9,a)
28>
-(4,m)
(1,e)
--(2,d)
-(4,c)
--(3,b)
29>Fin.
