1>#  prueba de linealizacion.
2>
3>Insertado.
4>Insertado.
5>Insertado.
6>Insertado.
7>(1,ab)(10,aba)(1,abb)(100,abc)
8>Insertado.
9>Insertado.
10>Insertado.
11>Insertado.
12>Insertado.
13>(1,aaaaa)(1,aaaab)(1,aaaaz)(1,aaaza)(1,ab)(10,aba)(1,abaa)(1,abb)(100,abc)
14>Fin.
