1>#  prueba cadena_a_binario.
2>
3>
(4,a)
4>
-(3,c)
(2,b)
-(4,a)
5>
-(7,d)
(3,c)
-(2,b)
--(4,a)
6>
---(7,o)
--(1,n)
---(5,m)
-(1,l)
---(3,k)
--(2,j)
---(4,i)
(1,h)
---(7,g)
--(1,f)
---(5,e)
-(1,d)
---(3,c)
--(2,b)
---(4,a)
7>
---(2,p)
--(7,o)
---(1,n)
-(5,m)
---(1,l)
--(3,k)
---(2,j)
(4,i)
---(1,h)
--(7,g)
---(1,f)
-(5,e)
---(1,d)
--(3,c)
---(2,b)
----(4,a)
8>Fin.
