1>#  prueba es_camino.
2>NO es camino.
3>Insertado.
4>Es camino.
5>Insertado.
6>Es camino.
7>Insertado.
8>NO es camino.
9>NO es camino.
10>NO es camino.
11>Es camino.
12>Insertado.
13>Insertado.
14>Es camino.
15>Es camino.
16>NO es camino.
17>Es camino.
18>Fin.
