1>#  prueba de nivel_en_binario.
2>
3>Insertado.
4>(1,g)
5>
6>Insertado.
7>(1,g)
8>(2,d)
9>
10>Insertado.
11>(2,d)(2,m)
12>Insertado.
13>Insertado.
14>Insertado.
15>Insertado.
16>(3,b)(3,e)(3,k)(3,r)
17>Insertado.
18>Insertado.
19>(1,g)
20>(2,d)(2,m)
21>(3,b)(3,e)(3,k)(3,r)
22>(4,a)(4,z)
23>
24>Fin.
