1>#  prueba de suma_ultimos_pares.
2>0
3>0
4>Insertado.
5>0
6>2
7>2
8>Insertado.
9>0
10>2
11>2
12>Insertado.
13>0
14>4
15>6
16>Insertado.
17>Insertado.
18>Insertado.
19>Insertado.
20>2
21>12
22>14
23>Insertado.
24>14
25>Insertado.
26>20
27>Fin.
